[debug] [2026-08-07T20:58:45.888Z] ----------------------------------------------------------------------
[debug] [2026-08-07T20:58:45.890Z] Command:       /usr/local/share/nvm/versions/node/v24.14.0/bin/node /home/codespace/nvm/current/bin/firebase init hosting:github
[debug] [2026-08-07T20:58:45.890Z] CLI Version:   15.26.0
[debug] [2026-08-07T20:58:45.890Z] Platform:      linux
[debug] [2026-08-07T20:58:45.890Z] Node Version:  v24.14.0
[debug] [2026-08-07T20:58:45.890Z] Detected Agent: unknown
[debug] [2026-08-07T20:58:45.891Z] Time:          Fri Aug 07 2026 20:58:45 GMT+0000 (Coordinated Universal Time)
[debug] [2026-08-07T20:58:45.891Z] ----------------------------------------------------------------------
[debug] 
[info] 
     ######## #### ########  ######## ########     ###     ######  ########
     ##        ##  ##     ## ##       ##     ##  ##   ##  ##       ##
     ######    ##  ########  ######   ########  #########  ######  ######
     ##        ##  ##    ##  ##       ##     ## ##     ##       ## ##
     ##       #### ##     ## ######## ########  ##     ##  ######  ########

You're about to initialize a Firebase project in this directory:

  /workspaces/astro-wordpress

Before we get started, keep in mind:

  * You are currently outside your home directory
  * You are initializing within an existing Firebase project directory

[info] 
=== Project Setup
[info] 
[info] First, let's associate this project directory with a Firebase project.
[info] You can create multiple project aliases by running firebase use --add, 
[info] 
[debug] [2026-08-07T20:58:46.755Z] > command requires scopes: ["email","openid","https://www.googleapis.com/auth/cloudplatformprojects.readonly","https://www.googleapis.com/auth/firebase","https://www.googleapis.com/auth/cloud-platform"]
[debug] [2026-08-07T20:58:46.756Z] > authorizing via signed-in user (proyectos@soymipagina.com)
[debug] [2026-08-07T20:58:46.769Z] Checked if tokens are valid: true, expires at: 1786138678238
[debug] [2026-08-07T20:58:46.769Z] Checked if tokens are valid: true, expires at: 1786138678238
[debug] [2026-08-07T20:58:46.770Z] >>> [apiv2][query] GET https://firebase.googleapis.com/v1beta1/projects/mi-web-astro [none]
[debug] [2026-08-07T20:58:47.210Z] <<< [apiv2][status] GET https://firebase.googleapis.com/v1beta1/projects/mi-web-astro 200
[debug] [2026-08-07T20:58:47.213Z] <<< [apiv2][body] GET https://firebase.googleapis.com/v1beta1/projects/mi-web-astro {"projectId":"mi-web-astro","projectNumber":"420215832507","displayName":"mi-web-astro","name":"projects/mi-web-astro","resources":{"hostingSite":"mi-web-astro"},"state":"ACTIVE","labels":{"firebase":"enabled"},"etag":"1_5306ee1e-9c85-4c23-b288-767cda5462b7"}
[info] i  Using project mi-web-astro (mi-web-astro) . 
[info] 
=== Hosting:github Setup
[info] 
[info] i  Detected a .git folder at /workspaces/astro-wordpress 
[info] i  Authorizing with GitHub to upload your service account to a GitHub repository's secrets store. 
[info] 
[info] Visit this URL on this device to log in:
[info] https://github.com/login/oauth/authorize?client_id=89cf50f02ac6aaed3484&state=700838901&redirect_uri=http%3A%2F%2Flocalhost%3A9005&scope=read%3Auser%20repo%20public_repo
[info] 
[info] Waiting for authentication...
